17:54:01 **** Incremental Build of configuration Debug for project app ****
make all 
'Building file: ../src/lab0_cortexA53.S'
'Invoking: ARM R5 gcc compiler'
armr5-none-eabi-gcc -DARMR5 -Wall -O0 -g3 -c -fmessage-length=0 -MT"src/lab0_cortexA53.o" -mcpu=cortex-r5  -mfloat-abi=hard  -mfpu=vfpv3-d16 -IC:/File/Lec/graduate/AAA708-Microprocessor-based-Systems-Design/Lab/Assignment2/sw/lab_platform/export/lab_platform/sw/lab_platform/standalone_domain/bspinclude/include -MMD -MP -MF"src/lab0_cortexA53.d" -MT"src/lab0_cortexA53.o" -o "src/lab0_cortexA53.o" "../src/lab0_cortexA53.S"
'Finished building: ../src/lab0_cortexA53.S'
' '
'Building target: app.elf'
'Invoking: ARM R5 gcc linker'
armr5-none-eabi-gcc -mcpu=cortex-r5  -mfloat-abi=hard  -mfpu=vfpv3-d16 -Wl,-T -Wl,../src/lscript.ld -LC:/File/Lec/graduate/AAA708-Microprocessor-based-Systems-Design/Lab/Assignment2/sw/lab_platform/export/lab_platform/sw/lab_platform/standalone_domain/bsplib/lib -o "app.elf"  ./src/lab0_A53.o ./src/lab0_cortexA53.o ./src/platform.o   -Wl,--start-group,-lxil,-lgcc,-lc,--end-group
'Finished building target: app.elf'
' '
'Invoking: ARM R5 Print Size'
armr5-none-eabi-size app.elf  |tee "app.elf.size"
   text	   data	    bss	    dec	    hex	filename
   7344	   1624	  22572	  31540	   7b34	app.elf
'Finished building: app.elf.size'
' '

17:54:02 Build Finished (took 481ms)

