Nothing to build in platform 'lab_platform'

19:48:24 **** Incremental Build of configuration Debug for project app_2 ****
make all 
'Building file: ../src/lab0_cortexA53.S'
'Invoking: ARM R5 gcc compiler'
armr5-none-eabi-gcc -DARMR5 -Wall -O0 -g3 -c -fmessage-length=0 -MT"src/lab0_cortexA53.o" -mcpu=cortex-r5  -mfloat-abi=hard  -mfpu=vfpv3-d16 -IC:/File/Lec/graduate/AAA708-Microprocessor-based-Systems-Design/Lab/Assignment2/sw/lab_platform/export/lab_platform/sw/lab_platform/standalone_domain/bspinclude/include -MMD -MP -MF"src/lab0_cortexA53.d" -MT"src/lab0_cortexA53.o" -o "src/lab0_cortexA53.o" "../src/lab0_cortexA53.S"
'Finished building: ../src/lab0_cortexA53.S'
' '
'Building target: app_2.elf'
'Invoking: ARM R5 gcc linker'
armr5-none-eabi-gcc -mcpu=cortex-r5  -mfloat-abi=hard  -mfpu=vfpv3-d16 -Wl,-T -Wl,../src/lscript.ld -LC:/File/Lec/graduate/AAA708-Microprocessor-based-Systems-Design/Lab/Assignment2/sw/lab_platform/export/lab_platform/sw/lab_platform/standalone_domain/bsplib/lib -o "app_2.elf"  ./src/lab0_A53.o ./src/lab0_cortexA53.o   -Wl,--start-group,-lxil,-lgcc,-lc,--end-group
'Finished building target: app_2.elf'
' '
'Invoking: ARM R5 Print Size'
armr5-none-eabi-size app_2.elf  |tee "app_2.elf.size"
   text	   data	    bss	    dec	    hex	filename
   7232	   1688	  22572	  31492	   7b04	app_2.elf
'Finished building: app_2.elf.size'
' '
19:48:24 **** Incremental Build of configuration Debug for project app_system ****
make all 
Generating bif file for the system project
generate_system_bif.bat 50566 C:/File/Lec/graduate/AAA708-Microprocessor-based-Systems-Design/Lab/Assignment2/sw/lab_platform/export/lab_platform/lab_platform.xpfm standalone_domain C:/File/Lec/graduate/AAA708-Microprocessor-based-Systems-Design/Lab/Assignment2/sw/app_system/Debug/system.bif
sdcard_gen --xpfm C:/File/Lec/graduate/AAA708-Microprocessor-based-Systems-Design/Lab/Assignment2/sw/lab_platform/export/lab_platform/lab_platform.xpfm --sys_config lab_platform --bif C:/File/Lec/graduate/AAA708-Microprocessor-based-Systems-Design/Lab/Assignment2/sw/app_system/Debug/system.bif --bitstream C:/File/Lec/graduate/AAA708-Microprocessor-based-Systems-Design/Lab/Assignment2/sw/app_2/_ide/bitstream/design_1_wrapper.bit --elf C:/File/Lec/graduate/AAA708-Microprocessor-based-Systems-Design/Lab/Assignment2/sw/app_2/Debug/app_2.elf,psu_cortexr5_0
creating BOOT.BIN using C:/File/Lec/graduate/AAA708-Microprocessor-based-Systems-Design/Lab/Assignment2/sw/app_2/_ide/bitstream/design_1_wrapper.bit
Running C:/Xilinx/Vitis/2022.1/bin/bootgen -arch zynqmp -image C:/File/Lec/graduate/AAA708-Microprocessor-based-Systems-Design/Lab/Assignment2/sw/app_system/Debug/sd_card_temp/boot.bif -w -o i BOOT.BIN
